// Jest Snapshot v1, https://goo.gl/fbAQLP

exports[`Icon Component matches snapshot 1`] = `
<i
  class="fa fa-search"
/>
`;
